--------------------
Replaying schedule
  Step 0: TestDriver(2) sent createMachine to PaymentEngine(3)
  Step 1: TestDriver(2) sent ePaymentReq to PaymentEngine(3)
--------------------
pex.utils.exceptions.BugFoundException: Property violated: PSpec/XrpConservation.p:22:17 Receiver balance wrong: 5500 != 5000 + 500 + 1
	at pex.utils.misc.Assert.fromModel(Assert.java:19)
	at pex.utils.misc.Assert.fromModel(Assert.java:24)
	at pex.model.XrpPaymentPModel$XrpConservation.Monitoring_ePaymentResp(XrpPaymentPModel.java:823)
	at pex.model.XrpPaymentPModel$XrpConservation$2.handleEvent(XrpPaymentPModel.java:563)
	at pex.runtime.machine.State.handleEvent(State.java:117)
	at pex.runtime.machine.PMachine.runEvent(PMachine.java:576)
	at pex.runtime.machine.PMachine.processEvent(PMachine.java:547)
	at pex.runtime.machine.PMachine.processEventToCompletion(PMachine.java:515)
	at pex.runtime.scheduler.Scheduler.runMonitors(Scheduler.java:346)
	at pex.runtime.machine.PMachine.sendEvent(PMachine.java:401)
	at pex.model.XrpPaymentPModel$PaymentEngine.Ready_ePaymentReq(XrpPaymentPModel.java:486)
	at pex.model.XrpPaymentPModel$PaymentEngine$3.handleEvent(XrpPaymentPModel.java:73)
	at pex.runtime.machine.State.handleEvent(State.java:117)
	at pex.runtime.machine.PMachine.runEvent(PMachine.java:576)
	at pex.runtime.machine.PMachine.processEvent(PMachine.java:547)
	at pex.runtime.machine.PMachine.processEventToCompletion(PMachine.java:515)
	at pex.runtime.scheduler.Scheduler.processDequeueEvent(Scheduler.java:374)
	at pex.runtime.scheduler.Scheduler.executeStep(Scheduler.java:264)
	at pex.runtime.scheduler.replay.ReplayScheduler.runStep(ReplayScheduler.java:86)
	at pex.runtime.scheduler.replay.ReplayScheduler.runIteration(ReplayScheduler.java:49)
	at pex.runtime.scheduler.replay.ReplayScheduler.run(ReplayScheduler.java:41)
	at pex.RuntimeExecutor.process(RuntimeExecutor.java:175)
	at pex.RuntimeExecutor.runSearch(RuntimeExecutor.java:219)
	at pex.RuntimeExecutor.run(RuntimeExecutor.java:264)
	at pex.PEx.main(PEx.java:70)

