--------------------
pex.utils.exceptions.BugFoundException: Property violated: PSpec/XrpConservation.p:22:17 Receiver balance wrong: 11000 != 10000 + 1000 + 1
	at pex.utils.misc.Assert.fromModel(Assert.java:19)
	at pex.utils.misc.Assert.fromModel(Assert.java:24)
	at pex.model.XrpPaymentPModel$XrpConservation.Monitoring_ePaymentResp(XrpPaymentPModel.java:823)
	at pex.model.XrpPaymentPModel$XrpConservation$2.handleEvent(XrpPaymentPModel.java:563)
	at pex.runtime.machine.State.handleEvent(State.java:117)
	at pex.runtime.machine.PMachine.runEvent(PMachine.java:576)
	at pex.runtime.machine.PMachine.processEvent(PMachine.java:547)
	at pex.runtime.machine.PMachine.processEventToCompletion(PMachine.java:515)
	at pex.runtime.scheduler.Scheduler.runMonitors(Scheduler.java:346)
	at pex.runtime.machine.PMachine.sendEvent(PMachine.java:401)
	at pex.model.XrpPaymentPModel$PaymentEngine.Ready_ePaymentReq(XrpPaymentPModel.java:486)
	at pex.model.XrpPaymentPModel$PaymentEngine$3.handleEvent(XrpPaymentPModel.java:73)
	at pex.runtime.machine.State.handleEvent(State.java:117)
	at pex.runtime.machine.PMachine.runEvent(PMachine.java:576)
	at pex.runtime.machine.PMachine.processEvent(PMachine.java:547)
	at pex.runtime.machine.PMachine.processEventToCompletion(PMachine.java:515)
	at pex.runtime.scheduler.Scheduler.processDequeueEvent(Scheduler.java:374)
	at pex.runtime.scheduler.Scheduler.executeStep(Scheduler.java:264)
	at pex.runtime.scheduler.explicit.ExplicitSearchScheduler.runStep(ExplicitSearchScheduler.java:241)
	at pex.runtime.scheduler.explicit.ExplicitSearchScheduler.runIteration(ExplicitSearchScheduler.java:163)
	at pex.runtime.scheduler.explicit.ExplicitSearchScheduler.run(ExplicitSearchScheduler.java:143)
	at pex.utils.monitor.TimedCall.call(TimedCall.java:21)
	at pex.utils.monitor.TimedCall.call(TimedCall.java:10)
	at java.base/java.util.concurrent.FutureTask.run(FutureTask.java:328)
	at java.base/java.util.concurrent.ThreadPoolExecutor.runWorker(ThreadPoolExecutor.java:1090)
	at java.base/java.util.concurrent.ThreadPoolExecutor$Worker.run(ThreadPoolExecutor.java:614)
	at java.base/java.lang.Thread.run(Thread.java:1474)

